15:53:41 **** Incremental Build of configuration Debug for project bouchard_c ****
make -j6 all 
arm-none-eabi-gcc "../Core/Src/main.c" -mcpu=cortex-m3 -std=gnu11 -g3 -DDEBUG -DUSE_HAL_DRIVER -DSTM32F103xB -c -I../Core/Inc -IC:/Users/1635033/STM32Cube/Repository/STM32Cube_FW_F1_V1.8.6/Drivers/STM32F1xx_HAL_Driver/Inc/Legacy -IC:/Users/1635033/STM32Cube/Repository/STM32Cube_FW_F1_V1.8.6/Drivers/STM32F1xx_HAL_Driver/Inc -IC:/Users/1635033/STM32Cube/Repository/STM32Cube_FW_F1_V1.8.6/Drivers/CMSIS/Device/ST/STM32F1xx/Include -IC:/Users/1635033/STM32Cube/Repository/STM32Cube_FW_F1_V1.8.6/Drivers/CMSIS/Include -I../USB_DEVICE/App -I../USB_DEVICE/Target -IC:/Users/1635033/STM32Cube/Repository/STM32Cube_FW_F1_V1.8.6/Middlewares/ST/STM32_USB_Device_Library/Core/Inc -IC:/Users/1635033/STM32Cube/Repository/STM32Cube_FW_F1_V1.8.6/Middlewares/ST/STM32_USB_Device_Library/Class/CDC/Inc -O0 -ffunction-sections -fdata-sections -Wall -fstack-usage -fcyclomatic-complexity -MMD -MP -MF"Core/Src/main.d" -MT"Core/Src/main.o" --specs=nano.specs -mfloat-abi=soft -mthumb -o "Core/Src/main.o"
../Core/Src/main.c: In function 'main':
../Core/Src/main.c:119:15: warning: implicit declaration of function 'CDC_Transmit_FS' [-Wimplicit-function-declaration]
  119 |        while (CDC_Transmit_FS(buf, (uint16_t)n) == USBD_BUSY) {
      |               ^~~~~~~~~~~~~~~
arm-none-eabi-gcc -o "bouchard_c.elf" @"objects.list"   -mcpu=cortex-m3 -T"C:\cube\bouchard_c\STM32F103CBTX_FLASH.ld" --specs=nosys.specs -Wl,-Map="bouchard_c.map" -Wl,--gc-sections -static --specs=nano.specs -mfloat-abi=soft -mthumb -Wl,--start-group -lc -lm -Wl,--end-group
Finished building target: bouchard_c.elf
 
arm-none-eabi-size  bouchard_c.elf 
arm-none-eabi-objdump -h -S bouchard_c.elf  > "bouchard_c.list"
arm-none-eabi-objcopy  -O binary bouchard_c.elf  "bouchard_c.bin"
   text	   data	    bss	    dec	    hex	filename
  32012	    460	   6444	  38916	   9804	bouchard_c.elf
Finished building: default.size.stdout
 
Finished building: bouchard_c.bin
 
Finished building: bouchard_c.list
 
